{"PIBpm - Producto Interno Bruto a precios de mercado - VABpb - Valor Agregado Bruto a precios basicos - A - AGRICULTURA ,GANADERIA,CAZA Y SILVICULTURA":{"1072915200000":40983005.8456851766,"1104537600000":46094412.6444989964,"1136073600000":47499039.6896098033,"1167609600000":50610713.1502966732,"1199145600000":44596694.8407682925,"1230768000000":42303666.1757230908,"1262304000000":49044106.109207578,"1293840000000":47452298.9232395068,"1325376000000":44267023.4143211469,"1356998400000":48975775.089914158},"PIBpm - Producto Interno Bruto a precios de mercado - VABpb - Valor Agregado Bruto a precios basicos - B - PESCA":{"1072915200000":1468794.578527905,"1104537600000":1334982.7722324519,"1136073600000":2136858.5897710701,"1167609600000":1920212.773101591,"1199145600000":2020509.7155467819,"1230768000000":1618234.8947440761,"1262304000000":1661063.6696660509,"1293840000000":1746740.3175320111,"1325376000000":1756109.6075118701,"1356998400000":2155796.3564287499},"PIBpm - Producto Interno Bruto a precios de mercado - VABpb - Valor Agregado Bruto a precios basicos - C - EXPLOTACION DE MINAS Y CANTERAS":{"1072915200000":26124971.0046237893,"1104537600000":25084572.42507511,"1136073600000":26775064.7333745696,"1167609600000":25114438.211732991,"1199145600000":24535358.0469393395,"1230768000000":25774471.2301440388,"1262304000000":26361180.1900091395,"1293840000000":25945347.2475512512,"1325376000000":25101558.7826966904,"1356998400000":24707175.2912147194},"PIBpm - Producto Interno Bruto a precios de mercado - VABpb - Valor Agregado Bruto a precios basicos - D - INDUSTRIAS MANUFACTURERAS":{"1072915200000":106874395.9476892948,"1104537600000":116799920.3945461959,"1136073600000":128207079.3217792958,"1167609600000":138562037.3085114956,"1199145600000":143020520.8897540867,"1230768000000":140783536.6350395083,"1262304000000":156816250.0936084092,"1293840000000":174754938.7247666121,"1325376000000":171985095.7173534036,"1356998400000":171471367.9658854008},"PIBpm - Producto Interno Bruto a precios de mercado - VABpb - Valor Agregado Bruto a precios basicos - E - SUMINISTRO DE ELECTRICIDAD , GAS y AGUA":{"1072915200000":8550445.9802784044,"1104537600000":9044202.4896558411,"1136073600000":9562006.5000000186,"1167609600000":10147199.4481201209,"1199145600000":10384537.3078102209,"1230768000000":10259888.1249229703,"1262304000000":10677008.5661662109,"1293840000000":11245879.0509584099,"1325376000000":11584315.0695884004,"1356998400000":11918202.7415304296},"PIBpm - Producto Interno Bruto a precios de mercado - VABpb - Valor Agregado Bruto a precios basicos - F - CONSTRUCCION":{"1072915200000":21835385.4420660101,"1104537600000":25584354.1157304384,"1136073600000":29595153.3394678496,"1167609600000":32508782.3642459996,"1199145600000":32996413.6925176308,"1230768000000":31769771.7500000782,"1262304000000":33654777.4205234572,"1293840000000":36811786.7632760406,"1325376000000":35871899.8688211814,"1356998400000":36777539.7661000565},"PIBpm - Producto Interno Bruto a precios de mercado - VABpb - Valor Agregado Bruto a precios basicos - G - COMERCIO MAYORISTA Y MINORISTA Y REPARACIONES":{"1072915200000":64894589.7468065321,"1104537600000":72588031.5656282157,"1136073600000":80499310.4352749884,"1167609600000":90949387.120755583,"1199145600000":97822994.4359181374,"1230768000000":93725130.1354170591,"1262304000000":108163568.2233196944,"1293840000000":125681144.6900002956,"1325376000000":126891820.7075234056,"1356998400000":129215360.2050783038},"PIBpm - Producto Interno Bruto a precios de mercado - VABpb - Valor Agregado Bruto a precios basicos - H - HOTELES Y RESTAURANTES":{"1072915200000":12106478.0132495295,"1104537600000":12134993.9677860402,"1136073600000":12492929.9177778196,"1167609600000":13579556.8274986297,"1199145600000":14666933.5936504807,"1230768000000":15635389.0577647593,"1262304000000":17216812.9067293704,"1293840000000":19093219.5669825114,"1325376000000":20170143.4827652499,"1356998400000":21046448.2985170409},"PIBpm - Producto Interno Bruto a precios de mercado - VABpb - Valor Agregado Bruto a precios basicos - I - TRANSPORTE Y COMUNICACIONES":{"1072915200000":35845188.6903806329,"1104537600000":40432364.3301042691,"1136073600000":44709007.1317825168,"1167609600000":50203810.0129427984,"1199145600000":53437259.9819263965,"1230768000000":53168580.305430077,"1262304000000":58737842.9839406908,"1293840000000":63600478.8279367536,"1325376000000":64462763.0040280223,"1356998400000":66213233.0999623537},"PIBpm - Producto Interno Bruto a precios de mercado - VABpb - Valor Agregado Bruto a precios basicos - J - INTERMEDIACION FINANCIERA":{"1072915200000":13184853.4432880599,"1104537600000":15061464.8582695909,"1136073600000":17515290.7721982412,"1167609600000":20273347.0315709896,"1199145600000":21903760.4624283314,"1230768000000":23138579.5477827601,"1262304000000":25198183.1280584708,"1293840000000":30221812.48569493,"1325376000000":35285734.3732312918,"1356998400000":42689262.2722112536},"PIBpm - Producto Interno Bruto a precios de mercado - VABpb - Valor Agregado Bruto a precios basicos - K - ACTIVIDADES INMOBILIARIAS, EMPRESARIALES Y DE ALQUILER":{"1072915200000":63312674.2495722473,"1104537600000":66491576.878402397,"1136073600000":70112593.8461461365,"1167609600000":73186322.7427181751,"1199145600000":75826736.8323049545,"1230768000000":77347145.4519347847,"1262304000000":81053682.6637149751,"1293840000000":84346021.8780221492,"1325376000000":84814987.7449933589,"1356998400000":85397034.425826937},"PIBpm - Producto Interno Bruto a precios de mercado - VABpb - Valor Agregado Bruto a precios basicos - L - ADMINISTRACION PUBLICA Y DEFENSA; PLANES DE SEGURIDAD SOCIAL DE AFILIACION OBLIGATORIA":{"1072915200000":21788183.1186752096,"1104537600000":23172723.5937395394,"1136073600000":24331923.6076155491,"1167609600000":25540026.5147188194,"1199145600000":26721243.2007530294,"1230768000000":27571257.0012198389,"1262304000000":28850299.1698359698,"1293840000000":29879556.5183085017,"1325376000000":31026112.1163958088,"1356998400000":32122728.3241431899},"PIBpm - Producto Interno Bruto a precios de mercado - VABpb - Valor Agregado Bruto a precios basicos - M - ENSENANZA":{"1072915200000":18752298.1817804314,"1104537600000":19831823.1995029487,"1136073600000":20660595.0958152786,"1167609600000":21734239.7870861515,"1199145600000":22743343.6269291602,"1230768000000":23674885.6703431308,"1262304000000":25084606.7610482089,"1293840000000":26291059.2239348404,"1325376000000":27440132.0997870304,"1356998400000":28373240.4695426784},"PIBpm - Producto Interno Bruto a precios de mercado - VABpb - Valor Agregado Bruto a precios basicos - N - SERVICIOS SOCIALES Y DE SALUD":{"1072915200000":13158939.40829763,"1104537600000":14388896.5521750599,"1136073600000":14778885.4070183896,"1167609600000":15666878.9953058194,"1199145600000":16721858.6434515808,"1230768000000":17920409.8379642405,"1262304000000":18801009.0230808407,"1293840000000":19778665.4832154103,"1325376000000":20617504.4053852782,"1356998400000":21305453.6110842414},"PIBpm - Producto Interno Bruto a precios de mercado - VABpb - Valor Agregado Bruto a precios basicos - O - OTRAS ACTIVIDADES DE SERVICIOS COMUNITARIAS, SOCIALES Y PERSONALES":{"1072915200000":15678988.5181738809,"1104537600000":18079782.496553719,"1136073600000":19960218.714474991,"1167609600000":21333074.1612829305,"1199145600000":22199561.9749198481,"1230768000000":24017985.7897369489,"1262304000000":24805491.3525055796,"1293840000000":26501796.5018340684,"1325376000000":27400377.8723601587,"1356998400000":28385141.4742837697},"PIBpm - Producto Interno Bruto a precios de mercado - VABpb - Valor Agregado Bruto a precios basicos - P - HOGARES PRIVADOS CON SERVICIOS DOMESTICOS":{"1072915200000":6621041.9308177643,"1104537600000":6919718.2289477652,"1136073600000":7188238.3136076927,"1167609600000":7516307.9965230431,"1199145600000":6787821.1991900112,"1230768000000":7022321.2486627866,"1262304000000":7061773.0044868933,"1293840000000":7044443.587941139,"1325376000000":7730224.1562541127,"1356998400000":7927467.1817094572},"PIBpm - Producto Interno Bruto a precios de mercado - VABpb - Valor Agregado Bruto a precios basicos":{"1072915200000":471180234.0999125838,"1104537600000":513043820.5128484964,"1136073600000":556024195.4157142639,"1167609600000":598846334.4464116096,"1199145600000":616385548.4448082447,"1230768000000":615731252.8568302393,"1262304000000":673187655.2659014463,"1293840000000":730395189.7911945581,"1325376000000":736405802.4230163097,"1356998400000":758681226.5734326839},"PIBpm - Producto Interno Bruto a precios de mercado - IP - Impuestos a los productos netos de subsidios":{"1072915200000":30420699.7689915709,"1104537600000":33317838.6024209112,"1136073600000":35540065.8768244013,"1167609600000":38736740.2290378436,"1199145600000":38947933.9857489914,"1230768000000":38499047.0356144011,"1262304000000":40861853.5108181983,"1293840000000":42987702.7188351825,"1325376000000":42582580.6991828904,"1356998400000":42662697.4632833824},"PIBpm - Producto Interno Bruto a precios de mercado - DI - Derechos de Importacion":{"1072915200000":3250453.447629998,"1104537600000":3905940.9028785378,"1136073600000":4483039.6098293066,"1167609600000":5430874.8216900704,"1199145600000":6120354.6788759641,"1230768000000":4986751.713272444,"1262304000000":6674854.1424238533,"1293840000000":8109538.9330175715,"1325376000000":7655340.9616926452,"1356998400000":7843288.8838414643},"PIBpm - Producto Interno Bruto a precios de mercado - IVA - Impuesto al Valor Agregado":{"1072915200000":30976949.1237320006,"1104537600000":34848846.8472064584,"1136073600000":38007843.2586761564,"1167609600000":41783936.6761707813,"1199145600000":44587254.9931237102,"1230768000000":47180681.7800154015,"1262304000000":50211577.0384856164,"1293840000000":55396405.6001001671,"1325376000000":58163731.3256330267,"1356998400000":60552256.99227231},"PIBpm - Producto Interno Bruto a precios de mercado":{"1072915200000":535828336.4402663112,"1104537600000":585116446.8653544188,"1136073600000":634055144.1610441208,"1167609600000":684797886.1733103991,"1199145600000":706041092.1025569439,"1230768000000":706397733.3857324123,"1262304000000":770935939.9576292038,"1293840000000":836888837.0431475639,"1325376000000":844807455.4095249176,"1356998400000":869739469.9128298759}}