,"PIBpm - Producto Interno Bruto a precios de mercado - VABpb - Valor Agregado Bruto a precios basicos - A - AGRICULTURA ,GANADERIA,CAZA Y SILVICULTURA",PIBpm - Producto Interno Bruto a precios de mercado - VABpb - Valor Agregado Bruto a precios basicos - B - PESCA,PIBpm - Producto Interno Bruto a precios de mercado - VABpb - Valor Agregado Bruto a precios basicos - C - EXPLOTACION DE MINAS Y CANTERAS,PIBpm - Producto Interno Bruto a precios de mercado - VABpb - Valor Agregado Bruto a precios basicos - D - INDUSTRIAS MANUFACTURERAS,"PIBpm - Producto Interno Bruto a precios de mercado - VABpb - Valor Agregado Bruto a precios basicos - E - SUMINISTRO DE ELECTRICIDAD , GAS y AGUA",PIBpm - Producto Interno Bruto a precios de mercado - VABpb - Valor Agregado Bruto a precios basicos - F - CONSTRUCCION,PIBpm - Producto Interno Bruto a precios de mercado - VABpb - Valor Agregado Bruto a precios basicos - G - COMERCIO MAYORISTA Y MINORISTA Y REPARACIONES,PIBpm - Producto Interno Bruto a precios de mercado - VABpb - Valor Agregado Bruto a precios basicos - H - HOTELES Y RESTAURANTES,PIBpm - Producto Interno Bruto a precios de mercado - VABpb - Valor Agregado Bruto a precios basicos - I - TRANSPORTE Y COMUNICACIONES,PIBpm - Producto Interno Bruto a precios de mercado - VABpb - Valor Agregado Bruto a precios basicos - J - INTERMEDIACION FINANCIERA,"PIBpm - Producto Interno Bruto a precios de mercado - VABpb - Valor Agregado Bruto a precios basicos - K - ACTIVIDADES INMOBILIARIAS, EMPRESARIALES Y DE ALQUILER",PIBpm - Producto Interno Bruto a precios de mercado - VABpb - Valor Agregado Bruto a precios basicos - L - ADMINISTRACION PUBLICA Y DEFENSA; PLANES DE SEGURIDAD SOCIAL DE AFILIACION OBLIGATORIA,PIBpm - Producto Interno Bruto a precios de mercado - VABpb - Valor Agregado Bruto a precios basicos - M - ENSENANZA,PIBpm - Producto Interno Bruto a precios de mercado - VABpb - Valor Agregado Bruto a precios basicos - N - SERVICIOS SOCIALES Y DE SALUD,"PIBpm - Producto Interno Bruto a precios de mercado - VABpb - Valor Agregado Bruto a precios basicos - O - OTRAS ACTIVIDADES DE SERVICIOS COMUNITARIAS, SOCIALES Y PERSONALES",PIBpm - Producto Interno Bruto a precios de mercado - VABpb - Valor Agregado Bruto a precios basicos - P - HOGARES PRIVADOS CON SERVICIOS DOMESTICOS,PIBpm - Producto Interno Bruto a precios de mercado - VABpb - Valor Agregado Bruto a precios basicos,PIBpm - Producto Interno Bruto a precios de mercado - IP - Impuestos a los productos netos de subsidios,PIBpm - Producto Interno Bruto a precios de mercado - DI - Derechos de Importacion,PIBpm - Producto Interno Bruto a precios de mercado - IVA - Impuesto al Valor Agregado,PIBpm - Producto Interno Bruto a precios de mercado
2004-01-01,26094008.2327,1369410.26249,25596004.9816,96893359.4379,8487361.23028,21188093.3483,63897776.3847,13137752.9026,33182782.8022,12889690.8259,61736299.7277,21165856.3477,17842841.7424,12385376.8917,15027754.7395,6579304.68174,437473674.539,29860329.5462,2732766.11226,30724913.8392,500791684.037
2004-04-01,44667923.769,2174751.55745,26373704.4506,106402786.216,8500971.23028,20649980.027,65246671.502,11329032.4744,37739138.5156,12941203.0748,63242109.0206,21663958.478,18761903.1162,13566278.4547,15681869.5983,6693768.72993,475636050.215,31585996.0167,3169901.27016,30388128.3063,540780075.808
2004-07-01,30956943.7559,1199623.07935,26388338.6032,111286053.533,8684025.23028,22182222.866,65064184.1717,11942918.1456,35486455.7224,13256150.7205,63406931.374,22001956.8126,18896827.9895,13655750.9139,16318201.4451,6572714.99979,467299299.363,30010845.849,3451657.43816,31574030.7136,532335833.364
2004-10-01,62213147.6252,1131393.41482,26141835.9831,112915384.604,8529426.23028,23321245.527,65369726.9288,12016208.5304,36972377.7213,13652369.1519,64865356.876,22320960.8363,19507619.879,13028351.3729,15688128.2898,6638379.31182,504311912.283,30225627.664,3647488.96995,31220723.6358,569405752.552
2005-01-01,30829796.3703,1308388.85766,24256453.5666,105316085.256,8837007.68614,22508216.141,69992782.4076,13043130.629,37592159.3894,14349016.0313,63506304.0667,22147232.7954,19041047.4734,13662967.8388,17009894.7996,6630191.76723,470030675.077,32315354.5216,3329627.54735,32957552.8912,538633210.037
2005-04-01,61961585.321,2056219.84752,25572973.6325,116465207.936,8917483.3653,24255238.0077,73373086.6984,11179424.8906,42294095.9046,14515147.7952,66634564.5505,23113698.0352,19817063.362,14812319.7915,17595722.5902,6879270.02018,529443101.749,34791144.2038,3919973.0989,34303327.7931,602457546.844
2005-07-01,30586195.4122,830238.212709,25581580.9884,120311975.272,9335719.88465,26542464.1379,72918874.084,11957704.7961,40239110.6703,15305759.7528,67386598.824,23297650.1988,20018448.454,14908015.5581,19148064.9569,6994970.79625,505363371.999,33732588.5662,4132342.84627,36145600.2969,579373903.708
2005-10-01,61000073.4745,1145084.17104,24927281.5128,125106413.114,9086599.02253,29031498.1763,74067383.0725,12359715.5555,41604091.3562,16075935.8537,68438840.0725,24132313.3455,20450733.5086,14172283.0203,18565447.6395,7174440.33213,547338133.227,32432267.1181,4241820.11899,35988906.4076,620001126.872
2006-01-01,29608635.9343,2099596.37888,25017756.1585,116243778.348,9340180.0,27201464.6515,78366690.6791,13371332.084,41521607.0781,16674300.7936,67299134.23,23774712.0432,19857911.7471,14040703.1691,19333851.6521,7047999.94951,510799654.897,34410872.4904,3915255.87806,36757665.5106,585883448.777
2006-04-01,59602932.0316,3189693.51677,26596487.4943,128420176.646,9499912.0,28755179.1475,81269222.628,11483592.1206,46203538.0718,16756672.9948,70420927.3096,24237395.5932,20640673.2114,15296034.3635,19975058.4162,6901374.73244,569248870.277,37168734.0944,4385396.00285,38120103.6637,648923104.038
2006-07-01,33783477.1486,2017429.00214,27786439.457,132304841.797,9796668.0,30623670.1208,80518249.6836,12250197.645,44782901.4667,17726230.2583,71236692.825,24554676.3917,20903766.0962,15268335.2407,20856014.1562,7163785.93057,551573375.22,34935738.5322,4751410.68497,39169740.5677,630430265.004
2006-10-01,67001113.644,1240715.4613,27699575.8237,135859520.496,9611266.0,31800299.438,81843078.7505,12866597.8215,46327981.9106,18903959.0421,71493621.0199,24760910.4024,21240029.3285,14510468.8547,19675950.6335,7639792.64191,592474881.268,35644918.3903,4880095.87344,37983863.2926,670983758.825
2007-01-01,32050204.7485,1787072.4215,23893628.7765,124463841.132,9868934.41786,29782607.0,86387378.5598,14259539.5669,46575603.6401,19604373.1992,70511570.8053,24902271.4214,20987078.2228,14917651.3702,20581860.3691,7835767.35956,548409383.011,35814666.2291,4634697.32057,39419796.5398,628278543.1
2007-04-01,69146502.7688,3322264.24393,25024249.9404,137431750.106,10214822.0,31459955.0,89263315.0676,12056879.6146,52153893.8791,19588583.2124,73385323.1229,25350908.7567,21604252.5438,16288232.3179,21265475.0761,7429262.00732,614985669.658,40062688.3505,5043792.28283,40379656.2315,700471806.523
2007-07-01,33085059.4111,1660081.87492,25936719.4884,141960147.194,10523098.4272,33538202.2394,91685192.0953,13411561.0693,49954384.9739,20494656.0977,73800334.1441,25654836.5042,21952633.1661,16006533.2354,22690887.9174,7316190.15595,589670517.995,38679770.7029,5926973.18963,43229857.7524,677507119.64
2007-10-01,68161085.6728,911432.552051,25603154.6417,150392410.802,9981942.94741,35254365.2176,96461662.7604,14590247.0591,52131357.5586,21405775.6171,75048062.8985,26252089.3765,22392995.2157,15455099.0577,20794073.2825,7484012.46327,642319767.123,40389835.6337,6118036.49373,44106436.181,732934075.431
2008-01-01,31170418.8098,1205804.56046,23832212.1106,132113480.779,10162726.0,31969394.8146,95671034.412,15548534.5387,51187647.2451,21350236.8692,73139080.427,26159836.4782,22000708.3371,15944602.0025,21039239.7976,7164558.55221,579659515.734,37756309.6095,5751389.17339,42366340.2969,665533554.814
2008-04-01,62568740.4325,3574137.08261,22787808.7235,145216070.022,10379332.0,33058928.7034,100480347.99,13436657.6841,55785850.097,21945318.9415,76671900.9904,26596493.9935,22602318.2057,17464819.1946,21645960.729,6543263.07287,640757947.862,38708172.7082,6285442.48086,45326737.9517,731078301.003
2008-07-01,31436601.3517,2099258.4719,26180833.068,151409154.045,10640504.2312,33290173.6561,100707804.891,14674446.8574,53966939.1537,22206985.0882,76713770.7799,26986226.9801,23076238.0244,17183927.6759,23985868.7794,6526354.12262,621085087.176,41310514.019,6634289.85441,45948528.756,714978419.806
2008-10-01,53211018.7691,1202838.74723,25340578.2856,143343378.714,10355587.0,33667157.596,94432790.4508,15008095.2945,52808603.4319,22112500.9509,76782195.132,27142415.3512,23294109.9404,16294085.7008,22127178.5936,6917109.04906,624039643.007,38016739.6063,5810297.20685,44707412.968,712574092.788
2009-01-01,26786536.6997,1051499.31945,25409139.6007,126734332.384,10129463.7798,30747672.0,91172388.2092,16225572.6064,50309323.1286,22796396.7707,75690038.9832,26789164.9784,22868021.7078,16987088.6811,23153069.9657,7267784.72184,574117493.536,39737268.4552,4340905.15175,44972106.6492,663167773.792
2009-04-01,46053064.8459,2209614.4789,25339777.115,138761395.678,10179443.1208,30889880.0,90750952.0565,14621028.8771,54247248.8544,23146459.6558,77644188.8903,27005131.3611,23204967.3751,18756231.1817,23736693.6822,7114929.99036,613661007.163,40722042.4353,4475134.64826,46552351.1467,705410535.394
2009-07-01,29706303.4444,1894461.50958,26246332.963,145707700.545,10573928.6173,32544815.0,95277976.0603,15421091.2216,52997054.1104,23079654.4789,77330689.6845,27997059.9774,23981257.0133,18480930.1236,24814236.1464,6781905.0402,612835395.936,36299794.8952,5427014.23704,48101038.1936,702663243.261
2009-10-01,66668759.7129,1317364.27105,26102635.2419,151930717.934,10156716.9819,32896720.0,97699204.2156,16273863.5259,55120695.1283,23531807.2857,78723664.2497,28493671.6879,24645296.5851,17457389.3655,24367943.3648,6924665.24225,662311114.792,37237082.3567,5703952.81604,49097231.1306,754349381.096
2010-01-01,29431490.942,898330.207841,25140266.9923,137372651.464,10606532.6735,31598585.0,98267848.628,17495507.6743,54058673.9462,23914897.2691,77264929.3693,28661850.1718,24607364.5297,17899115.087,24189548.5065,6598461.50141,608006053.963,36289165.5079,5346162.60014,47217434.3804,696858816.451
2010-04-01,66949073.2663,2033552.88753,26653307.4108,156077868.564,10439717.1299,32551705.0,105451837.552,16087879.7694,61217798.4953,24969124.5078,82231346.7739,28686290.1538,25067870.3117,19825855.7054,24393423.7365,7057772.40821,689694423.672,44805499.1769,6209761.32843,49848762.3179,790558446.495
2010-07-01,30868351.563,2542835.16773,27231580.6868,165335983.795,11166708.8845,33984804.5607,112788885.061,17301530.9806,59455413.2128,25027431.1356,80928705.4112,28854930.1289,25189981.2703,19308371.3927,26093820.9556,7555548.80118,673634883.007,43046888.8039,7442803.79936,52115528.3568,776240103.967
2010-10-01,68927508.6655,1169536.41556,26419565.6701,168478496.552,10495075.5768,36484015.1214,116145701.653,17982333.2025,60219486.2814,26881279.5998,83789749.1005,29198126.2248,25473210.9325,18170693.9072,24545172.2114,7035309.30714,721415260.422,39305860.5545,7700688.84177,51664583.0989,820086392.917
2011-01-01,32944512.6577,1143315.36697,25716366.2199,156007998.958,11075929.4345,34585346.1101,117083372.867,19579131.1066,59930457.846,27951103.1385,80507933.6218,29336127.4887,25476200.5627,19062270.9704,25315725.1151,6609288.94677,672325080.411,39763021.0701,6978330.41129,52304768.1321,771371200.024
2011-04-01,62104448.6085,2069371.52939,24144353.3195,178054925.301,11196374.6709,36196852.8256,123775701.958,17928343.9476,66778751.5155,29422321.7959,84890557.5164,29591067.5463,26142592.9186,21185446.1947,26175073.0373,7395610.82373,747051793.508,45083805.2695,7768305.48782,54638125.9529,854542030.219
2011-07-01,31017150.2878,2323273.33218,26519517.7534,183231200.178,11752836.3006,37636599.797,129754456.597,19237785.6263,63914888.1837,31199788.8045,83880556.6601,30165716.2701,26623740.8033,20010508.2138,27555665.7167,7143669.29914,731967353.823,44561277.1841,8991133.45572,56481346.0274,842001110.49
2011-10-01,63743084.139,1451001.04159,27401151.6974,181725630.463,10958375.7979,38828348.3205,132111047.339,19627617.5874,63777817.7665,32314036.2038,88105039.7138,30425314.7681,26921702.6111,18856436.554,26960722.1382,7029205.28212,770236531.423,42542707.3516,8700386.37724,58161382.288,879641007.44
2012-01-01,30749422.5192,1289758.48241,24954400.2528,162529042.481,11625712.6237,35918775.1347,123894189.474,20953554.2685,61935990.4476,33091749.3328,82932386.7645,30688150.3511,26888626.8137,20040442.4197,26276238.9702,7387036.06087,701155476.396,41466013.717,7057395.26261,56815745.3185,806494630.695
2012-04-01,46512149.5962,1703106.98294,25109029.6252,172241851.634,11248394.908,35156266.5107,121703282.607,19003962.0425,66516924.1606,34187309.5722,84634772.4379,30936611.5169,27392499.8944,22140100.3954,27083357.6446,7879147.91457,733448767.443,44156697.6968,6739202.34246,57151278.7855,841495946.268
2012-07-01,31826929.2029,2459021.24649,25388781.5032,176692796.942,11975983.4538,35680794.7459,128498219.97,20139617.6617,64375569.4075,35660864.3337,84934029.2263,31061508.538,27521323.2406,20745276.9848,28629235.9402,7680526.58537,733270478.982,43323441.8983,8284626.24656,58535421.7755,843413968.902
2012-10-01,67979592.3389,1572551.71821,24954023.7496,176476691.813,11487169.2928,36731763.084,133471590.78,20583439.9584,65022568.0004,38203014.2542,86758762.5512,31418178.0596,27958078.4505,19544197.8217,27612678.9343,7974186.06421,777748486.871,41384169.4846,8540139.99514,60152479.4229,887825275.773
2013-01-01,33086360.3394,1284886.5673,24360952.5395,159630515.722,11535311.1485,34836289.8258,125302532.834,21233350.7734,63200451.2425,39530925.9819,82628336.0092,31637574.2834,27759171.5936,20719403.8696,27332567.0207,7555952.94489,711634582.696,39983573.9973,7295974.47251,59523824.8911,818437956.057
2013-04-01,62036079.8268,2508373.95816,24798482.6766,173255538.649,11612060.7773,36125030.7415,128030402.564,19752266.7854,69244191.8587,41888328.59,85262263.0303,31866969.6963,28327753.3218,22850086.05,28250662.1861,8343917.69424,774152408.406,45940364.2889,7805679.16086,59634298.2263,887532750.082
2013-07-01,32343759.7796,2875685.00827,24885946.5129,177430822.674,12480669.0059,37619036.9612,132265538.334,20901704.8023,66539380.617,44093163.5621,86121373.5142,32802168.0012,28527643.0068,21435954.5875,29469774.1234,7777419.71557,757570040.206,44784050.9501,8453151.56005,62347272.9494,873154515.665
2013-10-01,68436900.4139,1954239.89199,24783319.4358,175568594.819,12044770.0344,38529801.5359,131262967.088,22298470.833,65868908.6817,45244630.9548,87576165.1496,32184201.3157,28878393.9559,20216369.9372,28487562.5669,8032578.37213,791367874.986,39942800.6169,7818350.34194,60703631.9022,899832657.847
