{"PIBpm - Producto Interno Bruto a precios de mercado - VABpb - Valor Agregado Bruto a precios basicos - A - AGRICULTURA ,GANADERIA,CAZA Y SILVICULTURA":{"1072915200000":26094008.2327101007,"1080777600000":44667923.76898738,"1088640000000":30956943.7558610812,"1096588800000":62213147.6251821518,"1104537600000":30829796.3702969514,"1112313600000":61961585.3210241273,"1120176000000":30586195.4121611193,"1128124800000":61000073.4745138064,"1136073600000":29608635.9342893101,"1143849600000":59602932.031598933,"1151712000000":33783477.1485815868,"1159660800000":67001113.6439693496,"1167609600000":32050204.7484806217,"1175385600000":69146502.7687773257,"1183248000000":33085059.4111331701,"1191196800000":68161085.6727955192,"1199145600000":31170418.8098485507,"1207008000000":62568740.4324527234,"1214870400000":31436601.3517128788,"1222819200000":53211018.7690589875,"1230768000000":26786536.6996522807,"1238544000000":46053064.8459022418,"1246406400000":29706303.4444117919,"1254355200000":66668759.7129260674,"1262304000000":29431490.9420290217,"1270080000000":66949073.2663451731,"1277942400000":30868351.562984731,"1285891200000":68927508.6654714197,"1293840000000":32944512.6577160209,"1301616000000":62104448.6085180193,"1309478400000":31017150.2877602093,"1317427200000":63743084.1389637664,"1325376000000":30749422.5192315318,"1333238400000":46512149.5962160304,"1341100800000":31826929.2029028088,"1349049600000":67979592.338934198,"1356998400000":33086360.3394256905,"1364774400000":62036079.8267610669,"1372636800000":32343759.7795848288,"1380585600000":68436900.4138850868},"PIBpm - Producto Interno Bruto a precios de mercado - VABpb - Valor Agregado Bruto a precios basicos - B - PESCA":{"1072915200000":1369410.2624858599,"1080777600000":2174751.557453068,"1088640000000":1199623.079351478,"1096588800000":1131393.414821215,"1104537600000":1308388.8576582321,"1112313600000":2056219.8475207819,"1120176000000":830238.2127087414,"1128124800000":1145084.171042054,"1136073600000":2099596.3788806419,"1143849600000":3189693.5167659549,"1151712000000":2017429.002141993,"1159660800000":1240715.4612956881,"1167609600000":1787072.421503803,"1175385600000":3322264.2439279109,"1183248000000":1660081.8749235659,"1191196800000":911432.5520510825,"1199145600000":1205804.5604552629,"1207008000000":3574137.0826054462,"1214870400000":2099258.4718984719,"1222819200000":1202838.747227947,"1230768000000":1051499.319446686,"1238544000000":2209614.4789000009,"1246406400000":1894461.5095843279,"1254355200000":1317364.2710452899,"1262304000000":898330.2078408493,"1270080000000":2033552.8875301869,"1277942400000":2542835.1677330942,"1285891200000":1169536.415560073,"1293840000000":1143315.3669657691,"1301616000000":2069371.5293936541,"1309478400000":2323273.3321810579,"1317427200000":1451001.0415875609,"1325376000000":1289758.48240585,"1333238400000":1703106.98294379,"1341100800000":2459021.246491815,"1349049600000":1572551.718206025,"1356998400000":1284886.567295013,"1364774400000":2508373.9581642058,"1372636800000":2875685.0082659442,"1380585600000":1954239.8919898369},"PIBpm - Producto Interno Bruto a precios de mercado - VABpb - Valor Agregado Bruto a precios basicos - C - EXPLOTACION DE MINAS Y CANTERAS":{"1072915200000":25596004.9815857299,"1080777600000":26373704.4506224208,"1088640000000":26388338.6032196805,"1096588800000":26141835.9830673002,"1104537600000":24256453.5666416697,"1112313600000":25572973.6324923113,"1120176000000":25581580.9883982502,"1128124800000":24927281.5127682202,"1136073600000":25017756.1584654897,"1143849600000":26596487.4942934103,"1151712000000":27786439.4570195302,"1159660800000":27699575.8237198107,"1167609600000":23893628.7765233107,"1175385600000":25024249.9403777719,"1183248000000":25936719.4883669391,"1191196800000":25603154.6416639499,"1199145600000":23832212.1105861813,"1207008000000":22787808.7235460095,"1214870400000":26180833.0679967999,"1222819200000":25340578.2856283709,"1230768000000":25409139.6006701216,"1238544000000":25339777.1150378287,"1246406400000":26246332.9629701488,"1254355200000":26102635.2418980598,"1262304000000":25140266.9922789298,"1270080000000":26653307.4107973389,"1277942400000":27231580.68683929,"1285891200000":26419565.670121029,"1293840000000":25716366.2198840715,"1301616000000":24144353.3194998614,"1309478400000":26519517.7533768117,"1317427200000":27401151.6974442787,"1325376000000":24954400.2527906895,"1333238400000":25109029.6252251416,"1341100800000":25388781.5031822398,"1349049600000":24954023.7495886795,"1356998400000":24360952.5395245701,"1364774400000":24798482.6766458191,"1372636800000":24885946.5128804184,"1380585600000":24783319.4358080812},"PIBpm - Producto Interno Bruto a precios de mercado - VABpb - Valor Agregado Bruto a precios basicos - D - INDUSTRIAS MANUFACTURERAS":{"1072915200000":96893359.4378987849,"1080777600000":106402786.2157068998,"1088640000000":111286053.5330367982,"1096588800000":112915384.6041146964,"1104537600000":105316085.2564056963,"1112313600000":116465207.9361854941,"1120176000000":120311975.2715514004,"1128124800000":125106413.114041999,"1136073600000":116243778.3484745026,"1143849600000":128420176.6458314955,"1151712000000":132304841.7971410006,"1159660800000":135859520.4956701994,"1167609600000":124463841.1318127066,"1175385600000":137431750.1061344147,"1183248000000":141960147.1942256987,"1191196800000":150392410.8018732965,"1199145600000":132113480.7790436,"1207008000000":145216070.0215527117,"1214870400000":151409154.0447973907,"1222819200000":143343378.7136228979,"1230768000000":126734332.3835949004,"1238544000000":138761395.6779691875,"1246406400000":145707700.5446394086,"1254355200000":151930717.9339543879,"1262304000000":137372651.4639916122,"1270080000000":156077868.5636008084,"1277942400000":165335983.7947095037,"1285891200000":168478496.5521317124,"1293840000000":156007998.9581905901,"1301616000000":178054925.3007881939,"1309478400000":183231200.177587688,"1317427200000":181725630.462500006,"1325376000000":162529042.4809128046,"1333238400000":172241851.6338086128,"1341100800000":176692796.9417417943,"1349049600000":176476691.8129506111,"1356998400000":159630515.7218832076,"1364774400000":173255538.6491285861,"1372636800000":177430822.6737402081,"1380585600000":175568594.8187896013},"PIBpm - Producto Interno Bruto a precios de mercado - VABpb - Valor Agregado Bruto a precios basicos - E - SUMINISTRO DE ELECTRICIDAD , GAS y AGUA":{"1072915200000":8487361.2302784007,"1080777600000":8500971.2302784044,"1088640000000":8684025.2302784082,"1096588800000":8529426.2302784007,"1104537600000":8837007.6861407831,"1112313600000":8917483.3653041106,"1120176000000":9335719.8846466485,"1128124800000":9086599.0225318205,"1136073600000":9340180.0000000168,"1143849600000":9499912.0000000186,"1151712000000":9796668.0000000205,"1159660800000":9611266.0000000224,"1167609600000":9868934.4178594742,"1175385600000":10214822.0000000205,"1183248000000":10523098.4272083696,"1191196800000":9981942.9474126268,"1199145600000":10162726.0000000093,"1207008000000":10379332.0000000205,"1214870400000":10640504.2312408295,"1222819200000":10355587.0000000093,"1230768000000":10129463.7797758691,"1238544000000":10179443.1207633093,"1246406400000":10573928.6172747798,"1254355200000":10156716.9818779398,"1262304000000":10606532.6734735798,"1270080000000":10439717.1298857592,"1277942400000":11166708.8845210392,"1285891200000":10495075.5767844692,"1293840000000":11075929.4344836697,"1301616000000":11196374.6708632,"1309478400000":11752836.3005639892,"1317427200000":10958375.7979227994,"1325376000000":11625712.6236620508,"1333238400000":11248394.9080343693,"1341100800000":11975983.4538242407,"1349049600000":11487169.2928329501,"1356998400000":11535311.1484847106,"1364774400000":11612060.7773142401,"1372636800000":12480669.0058819894,"1380585600000":12044770.0344407596},"PIBpm - Producto Interno Bruto a precios de mercado - VABpb - Valor Agregado Bruto a precios basicos - F - CONSTRUCCION":{"1072915200000":21188093.3482690305,"1080777600000":20649980.0270060301,"1088640000000":22182222.8660029992,"1096588800000":23321245.5269859694,"1104537600000":22508216.1410280503,"1112313600000":24255238.0077005997,"1120176000000":26542464.1379207708,"1128124800000":29031498.1762723513,"1136073600000":27201464.651466649,"1143849600000":28755179.1475475691,"1151712000000":30623670.1208373196,"1159660800000":31800299.4380198605,"1167609600000":29782607.0000000596,"1175385600000":31459955.0000000112,"1183248000000":33538202.2393825613,"1191196800000":35254365.2176013663,"1199145600000":31969394.8145812489,"1207008000000":33058928.7034194618,"1214870400000":33290173.6560969613,"1222819200000":33667157.5959728435,"1230768000000":30747672.0000000894,"1238544000000":30889880.0000000708,"1246406400000":32544815.0000000894,"1254355200000":32896720.0000000782,"1262304000000":31598585.0000000782,"1270080000000":32551705.0000000894,"1277942400000":33984804.5606569424,"1285891200000":36484015.1214367077,"1293840000000":34585346.1100697964,"1301616000000":36196852.8256092891,"1309478400000":37636599.7969538718,"1317427200000":38828348.3204711899,"1325376000000":35918775.134693332,"1333238400000":35156266.5107490718,"1341100800000":35680794.7458860874,"1349049600000":36731763.0839562491,"1356998400000":34836289.8258314803,"1364774400000":36125030.7415017411,"1372636800000":37619036.9611714184,"1380585600000":38529801.5358956233},"PIBpm - Producto Interno Bruto a precios de mercado - VABpb - Valor Agregado Bruto a precios basicos - G - COMERCIO MAYORISTA Y MINORISTA Y REPARACIONES":{"1072915200000":63897776.3847176209,"1080777600000":65246671.5020125285,"1088640000000":65064184.1716815829,"1096588800000":65369726.9288144112,"1104537600000":69992782.4076432884,"1112313600000":73373086.6983809024,"1120176000000":72918874.0839710534,"1128124800000":74067383.0725175887,"1136073600000":78366690.6790955067,"1143849600000":81269222.6279785335,"1151712000000":80518249.6835674644,"1159660800000":81843078.7504584342,"1167609600000":86387378.5597704053,"1175385600000":89263315.0675746202,"1183248000000":91685192.0953232944,"1191196800000":96461662.7603540272,"1199145600000":95671034.4119701236,"1207008000000":100480347.990061298,"1214870400000":100707804.8908133954,"1222819200000":94432790.4508277327,"1230768000000":91172388.2092430294,"1238544000000":90750952.056530863,"1246406400000":95277976.0603339225,"1254355200000":97699204.2155604362,"1262304000000":98267848.6280481368,"1270080000000":105451837.5516633987,"1277942400000":112788885.0608401,"1285891200000":116145701.652726993,"1293840000000":117083372.8666253984,"1301616000000":123775701.9575908035,"1309478400000":129754456.5967973024,"1317427200000":132111047.3389876932,"1325376000000":123894189.4736389965,"1333238400000":121703282.6069658995,"1341100800000":128498219.9697037041,"1349049600000":133471590.7797849029,"1356998400000":125302532.8341470063,"1364774400000":128030402.5637724996,"1372636800000":132265538.3339004964,"1380585600000":131262967.0884934068},"PIBpm - Producto Interno Bruto a precios de mercado - VABpb - Valor Agregado Bruto a precios basicos - H - HOTELES Y RESTAURANTES":{"1072915200000":13137752.9026462603,"1080777600000":11329032.4743855707,"1088640000000":11942918.1455578897,"1096588800000":12016208.5304083694,"1104537600000":13043130.6290131807,"1112313600000":11179424.8905520197,"1120176000000":11957704.7961105797,"1128124800000":12359715.5554683805,"1136073600000":13371332.0840304196,"1143849600000":11483592.1205548495,"1151712000000":12250197.6449886598,"1159660800000":12866597.8215373494,"1167609600000":14259539.5669407398,"1175385600000":12056879.6146060694,"1183248000000":13411561.0693270396,"1191196800000":14590247.0591206793,"1199145600000":15548534.5386557207,"1207008000000":13436657.6840581596,"1214870400000":14674446.8573651798,"1222819200000":15008095.2945228703,"1230768000000":16225572.60642704,"1238544000000":14621028.87713602,"1246406400000":15421091.2215818707,"1254355200000":16273863.5259141307,"1262304000000":17495507.6743360311,"1270080000000":16087879.7694118898,"1277942400000":17301530.9806388691,"1285891200000":17982333.2025307007,"1293840000000":19579131.1065670513,"1301616000000":17928343.9475989193,"1309478400000":19237785.6263288818,"1317427200000":19627617.5874351896,"1325376000000":20953554.2684510015,"1333238400000":19003962.0424582995,"1341100800000":20139617.66174604,"1349049600000":20583439.9584056698,"1356998400000":21233350.7733708918,"1364774400000":19752266.7854329906,"1372636800000":20901704.8022668101,"1380585600000":22298470.8329974897},"PIBpm - Producto Interno Bruto a precios de mercado - VABpb - Valor Agregado Bruto a precios basicos - I - TRANSPORTE Y COMUNICACIONES":{"1072915200000":33182782.8021973483,"1080777600000":37739138.5155874267,"1088640000000":35486455.7224129736,"1096588800000":36972377.7213247567,"1104537600000":37592159.3894316629,"1112313600000":42294095.9045515582,"1120176000000":40239110.6702516824,"1128124800000":41604091.3561821505,"1136073600000":41521607.0780729204,"1143849600000":46203538.0717767626,"1151712000000":44782901.4666873515,"1159660800000":46327981.9105930626,"1167609600000":46575603.6401403099,"1175385600000":52153893.8791279867,"1183248000000":49954384.9739235789,"1191196800000":52131357.5585792884,"1199145600000":51187647.2450522333,"1207008000000":55785850.0970128179,"1214870400000":53966939.1537451968,"1222819200000":52808603.4318953231,"1230768000000":50309323.1285838783,"1238544000000":54247248.8544128537,"1246406400000":52997054.1103914827,"1254355200000":55120695.1283321083,"1262304000000":54058673.9461756125,"1270080000000":61217798.4953024983,"1277942400000":59455413.212848343,"1285891200000":60219486.281436339,"1293840000000":59930457.8460289463,"1301616000000":66778751.51553341,"1309478400000":63914888.1836688593,"1317427200000":63777817.7665157765,"1325376000000":61935990.447620213,"1333238400000":66516924.1605531797,"1341100800000":64375569.4075281993,"1349049600000":65022568.0004104972,"1356998400000":63200451.2425060496,"1364774400000":69244191.8586696386,"1372636800000":66539380.617005758,"1380585600000":65868908.6816679463},"PIBpm - Producto Interno Bruto a precios de mercado - VABpb - Valor Agregado Bruto a precios basicos - J - INTERMEDIACION FINANCIERA":{"1072915200000":12889690.8258858807,"1080777600000":12941203.0748043507,"1088640000000":13256150.7205393091,"1096588800000":13652369.1519227102,"1104537600000":14349016.0313421693,"1112313600000":14515147.7952399105,"1120176000000":15305759.7527908105,"1128124800000":16075935.8537054695,"1136073600000":16674300.79361514,"1143849600000":16756672.9947612304,"1151712000000":17726230.2582793906,"1159660800000":18903959.0421371907,"1167609600000":19604373.1991501115,"1175385600000":19588583.2123510316,"1183248000000":20494656.0976507701,"1191196800000":21405775.6171320602,"1199145600000":21350236.8691856004,"1207008000000":21945318.9414614514,"1214870400000":22206985.0881897397,"1222819200000":22112500.9508765303,"1230768000000":22796396.7706950717,"1238544000000":23146459.6557740495,"1246406400000":23079654.4789124615,"1254355200000":23531807.2857494615,"1262304000000":23914897.2690509595,"1270080000000":24969124.5077793188,"1277942400000":25027431.1356408,"1285891200000":26881279.5997628011,"1293840000000":27951103.1385469586,"1301616000000":29422321.7959019095,"1309478400000":31199788.8045179211,"1317427200000":32314036.2038129307,"1325376000000":33091749.33278732,"1333238400000":34187309.5722436607,"1341100800000":35660864.3337246031,"1349049600000":38203014.2541695908,"1356998400000":39530925.9818581417,"1364774400000":41888328.5900480375,"1372636800000":44093163.5621115863,"1380585600000":45244630.9548272491},"PIBpm - Producto Interno Bruto a precios de mercado - VABpb - Valor Agregado Bruto a precios basicos - K - ACTIVIDADES INMOBILIARIAS, EMPRESARIALES Y DE ALQUILER":{"1072915200000":61736299.7277180776,"1080777600000":63242109.0206198469,"1088640000000":63406931.3739929125,"1096588800000":64865356.875958167,"1104537600000":63506304.0667389929,"1112313600000":66634564.5504552722,"1120176000000":67386598.8239592761,"1128124800000":68438840.0724560916,"1136073600000":67299134.2300455719,"1143849600000":70420927.3096252829,"1151712000000":71236692.8250122517,"1159660800000":71493621.0199014693,"1167609600000":70511570.8053333163,"1175385600000":73385323.1229296327,"1183248000000":73800334.1441156119,"1191196800000":75048062.8984940797,"1199145600000":73139080.4269520193,"1207008000000":76671900.9903888702,"1214870400000":76713770.779927671,"1222819200000":76782195.1319513023,"1230768000000":75690038.9831698537,"1238544000000":77644188.8903444409,"1246406400000":77330689.6845311671,"1254355200000":78723664.2496936619,"1262304000000":77264929.3692565411,"1270080000000":82231346.7739206403,"1277942400000":80928705.4111610353,"1285891200000":83789749.1005217135,"1293840000000":80507933.6217672229,"1301616000000":84890557.5163771957,"1309478400000":83880556.6601321846,"1317427200000":88105039.7138119489,"1325376000000":82932386.7645397633,"1333238400000":84634772.4379313141,"1341100800000":84934029.2263189703,"1349049600000":86758762.5511834323,"1356998400000":82628336.0092341006,"1364774400000":85262263.0302903354,"1372636800000":86121373.5142076612,"1380585600000":87576165.1495756805},"PIBpm - Producto Interno Bruto a precios de mercado - VABpb - Valor Agregado Bruto a precios basicos - L - ADMINISTRACION PUBLICA Y DEFENSA; PLANES DE SEGURIDAD SOCIAL DE AFILIACION OBLIGATORIA":{"1072915200000":21165856.3477036096,"1080777600000":21663958.4780401997,"1088640000000":22001956.8126489408,"1096588800000":22320960.8363081217,"1104537600000":22147232.7953702509,"1112313600000":23113698.0352218784,"1120176000000":23297650.1988440901,"1128124800000":24132313.3455219083,"1136073600000":23774712.0432051085,"1143849600000":24237395.5931706317,"1151712000000":24554676.3916504383,"1159660800000":24760910.4024360292,"1167609600000":24902271.4214188494,"1175385600000":25350908.756701719,"1183248000000":25654836.5042210408,"1191196800000":26252089.3765336499,"1199145600000":26159836.478221409,"1207008000000":26596493.9935310408,"1214870400000":26986226.9800878689,"1222819200000":27142415.3511718288,"1230768000000":26789164.978404209,"1238544000000":27005131.3611299284,"1246406400000":27997059.9774044603,"1254355200000":28493671.6879407316,"1262304000000":28661850.1717784703,"1270080000000":28686290.1538071893,"1277942400000":28854930.1289165393,"1285891200000":29198126.2248417102,"1293840000000":29336127.4887068011,"1301616000000":29591067.5462566614,"1309478400000":30165716.2701451816,"1317427200000":30425314.768125359,"1325376000000":30688150.3511272185,"1333238400000":30936611.5169221088,"1341100800000":31061508.5379545316,"1349049600000":31418178.059579391,"1356998400000":31637574.2833803482,"1364774400000":31866969.6962905414,"1372636800000":32802168.0012238212,"1380585600000":32184201.3156780787},"PIBpm - Producto Interno Bruto a precios de mercado - VABpb - Valor Agregado Bruto a precios basicos - M - ENSENANZA":{"1072915200000":17842841.742396079,"1080777600000":18761903.1162315495,"1088640000000":18896827.9894578494,"1096588800000":19507619.8790362217,"1104537600000":19041047.473416429,"1112313600000":19817063.3620425314,"1120176000000":20018448.4540006891,"1128124800000":20450733.5085521415,"1136073600000":19857911.7470989898,"1143849600000":20640673.2114222012,"1151712000000":20903766.0962218009,"1159660800000":21240029.3285181187,"1167609600000":20987078.2227534316,"1175385600000":21604252.5438122414,"1183248000000":21952633.1660835296,"1191196800000":22392995.215695411,"1199145600000":22000708.3371400088,"1207008000000":22602318.2057296298,"1214870400000":23076238.0244471096,"1222819200000":23294109.9403998889,"1230768000000":22868021.7077633515,"1238544000000":23204967.3751408197,"1246406400000":23981257.013330251,"1254355200000":24645296.58513809,"1262304000000":24607364.5296650007,"1270080000000":25067870.311713919,"1277942400000":25189981.2703014202,"1285891200000":25473210.9325124882,"1293840000000":25476200.5627383105,"1301616000000":26142592.9186322503,"1309478400000":26623740.8032907918,"1317427200000":26921702.6110779904,"1325376000000":26888626.8136981316,"1333238400000":27392499.8943928815,"1341100800000":27521323.2405803986,"1349049600000":27958078.4504767098,"1356998400000":27759171.5935609117,"1364774400000":28327753.3218190297,"1372636800000":28527643.0068460293,"1380585600000":28878393.9559447505},"PIBpm - Producto Interno Bruto a precios de mercado - VABpb - Valor Agregado Bruto a precios basicos - N - SERVICIOS SOCIALES Y DE SALUD":{"1072915200000":12385376.8917337805,"1080777600000":13566278.4547366407,"1088640000000":13655750.9138683695,"1096588800000":13028351.3728517201,"1104537600000":13662967.8388134893,"1112313600000":14812319.7914981209,"1120176000000":14908015.5581018701,"1128124800000":14172283.0202867407,"1136073600000":14040703.1691265609,"1143849600000":15296034.3635092899,"1151712000000":15268335.2407086808,"1159660800000":14510468.8547290191,"1167609600000":14917651.3702397104,"1175385600000":16288232.3178889006,"1183248000000":16006533.2353917398,"1191196800000":15455099.05770294,"1199145600000":15944602.0025190394,"1207008000000":17464819.1945619099,"1214870400000":17183927.6759319417,"1222819200000":16294085.7007934507,"1230768000000":16987088.6811438389,"1238544000000":18756231.1816675588,"1246406400000":18480930.1235846318,"1254355200000":17457389.3654609285,"1262304000000":17899115.0870245695,"1270080000000":19825855.7054297812,"1277942400000":19308371.3926922418,"1285891200000":18170693.9071767703,"1293840000000":19062270.9703964405,"1301616000000":21185446.1947385408,"1309478400000":20010508.2137582898,"1317427200000":18856436.5539683402,"1325376000000":20040442.4197176918,"1333238400000":22140100.3953925297,"1341100800000":20745276.9847772382,"1349049600000":19544197.8216536418,"1356998400000":20719403.8696488403,"1364774400000":22850086.0500445999,"1372636800000":21435954.5874904506,"1380585600000":20216369.9371530712},"PIBpm - Producto Interno Bruto a precios de mercado - VABpb - Valor Agregado Bruto a precios basicos - O - OTRAS ACTIVIDADES DE SERVICIOS COMUNITARIAS, SOCIALES Y PERSONALES":{"1072915200000":15027754.7394603491,"1080777600000":15681869.5983244199,"1088640000000":16318201.4451440107,"1096588800000":15688128.2897667494,"1104537600000":17009894.7996092513,"1112313600000":17595722.5902351588,"1120176000000":19148064.9568951912,"1128124800000":18565447.6394752897,"1136073600000":19333851.6520902887,"1143849600000":19975058.4161595106,"1151712000000":20856014.1561861895,"1159660800000":19675950.633463949,"1167609600000":20581860.3691385612,"1175385600000":21265475.0761371814,"1183248000000":22690887.9173898511,"1191196800000":20794073.2824661396,"1199145600000":21039239.7975997217,"1207008000000":21645960.7289914191,"1214870400000":23985868.7794472687,"1222819200000":22127178.5936409906,"1230768000000":23153069.9656663388,"1238544000000":23736693.6821657717,"1246406400000":24814236.1463619806,"1254355200000":24367943.3647537194,"1262304000000":24189548.5065288991,"1270080000000":24393423.7364750616,"1277942400000":26093820.9556041695,"1285891200000":24545172.2114141583,"1293840000000":25315725.1150608808,"1301616000000":26175073.0373044796,"1309478400000":27555665.7167364992,"1317427200000":26960722.1382344402,"1325376000000":26276238.9702496901,"1333238400000":27083357.6446475908,"1341100800000":28629235.9402026311,"1349049600000":27612678.9343407303,"1356998400000":27332567.0207244009,"1364774400000":28250662.18606776,"1372636800000":29469774.1234397702,"1380585600000":28487562.5669031404},"PIBpm - Producto Interno Bruto a precios de mercado - VABpb - Valor Agregado Bruto a precios basicos - P - HOGARES PRIVADOS CON SERVICIOS DOMESTICOS":{"1072915200000":6579304.681740446,"1080777600000":6693768.7299254751,"1088640000000":6572714.999786065,"1096588800000":6638379.31181907,"1104537600000":6630191.7672273908,"1112313600000":6879270.0201794766,"1120176000000":6994970.7962523103,"1128124800000":7174440.3321318813,"1136073600000":7047999.9495082377,"1143849600000":6901374.7324386369,"1151712000000":7163785.9305704813,"1159660800000":7639792.6419134112,"1167609600000":7835767.359561841,"1175385600000":7429262.0073161637,"1183248000000":7316190.155945925,"1191196800000":7484012.4632682446,"1199145600000":7164558.5522132423,"1207008000000":6543263.0728692394,"1214870400000":6526354.122615397,"1222819200000":6917109.0490621673,"1230768000000":7267784.7218406936,"1238544000000":7114929.9903593473,"1246406400000":6781905.0401982842,"1254355200000":6924665.2422528239,"1262304000000":6598461.5014128229,"1270080000000":7057772.4082098529,"1277942400000":7555548.8011848927,"1285891200000":7035309.307140003,"1293840000000":6609288.9467674298,"1301616000000":7395610.8237306112,"1309478400000":7143669.2991441097,"1317427200000":7029205.2821224099,"1325376000000":7387036.060873826,"1333238400000":7879147.9145668363,"1341100800000":7680526.5853653289,"1349049600000":7974186.0642104615,"1356998400000":7555952.9448934924,"1364774400000":8343917.6942430511,"1372636800000":7777419.7155714491,"1380585600000":8032578.3721298371},"PIBpm - Producto Interno Bruto a precios de mercado - VABpb - Valor Agregado Bruto a precios basicos":{"1072915200000":437473674.5394272804,"1080777600000":475636050.2147222161,"1088640000000":467299299.362840414,"1096588800000":504311912.2826598883,"1104537600000":470030675.0767775178,"1112313600000":529443101.7485842705,"1120176000000":505363371.9985644221,"1128124800000":547338133.2274677753,"1136073600000":510799654.8974654078,"1143849600000":569248870.2774343491,"1151712000000":551573375.2195942402,"1159660800000":592474881.268362999,"1167609600000":548409383.0106271505,"1175385600000":614985669.6576629877,"1183248000000":589670517.9946126938,"1191196800000":642319767.1227443218,"1199145600000":579659515.7340238094,"1207008000000":640757947.8622421026,"1214870400000":621085087.1763141155,"1222819200000":624039643.0066531897,"1230768000000":574117493.5360773802,"1238544000000":613661007.1632342339,"1246406400000":612835395.935510993,"1254355200000":662311114.7924978733,"1262304000000":608006053.9628911018,"1270080000000":689694423.6718728542,"1277942400000":673634883.007273078,"1285891200000":721415260.4215692282,"1293840000000":672325080.4105155468,"1301616000000":747051793.5083370209,"1309478400000":731967353.8229439259,"1317427200000":770236531.422981739,"1325376000000":701155476.3964002132,"1333238400000":733448767.4430513382,"1341100800000":733270478.9819306135,"1349049600000":777748486.87068367,"1356998400000":711634582.6957688332,"1364774400000":774152408.4061940908,"1372636800000":757570040.2055885792,"1380585600000":791367874.9861797094},"PIBpm - Producto Interno Bruto a precios de mercado - IP - Impuestos a los productos netos de subsidios":{"1072915200000":29860329.5462368391,"1080777600000":31585996.0166563205,"1088640000000":30010845.8490313515,"1096588800000":30225627.6640417688,"1104537600000":32315354.5215766989,"1112313600000":34791144.2038457692,"1120176000000":33732588.5661803484,"1128124800000":32432267.1180808209,"1136073600000":34410872.4903756976,"1143849600000":37168734.0944196433,"1151712000000":34935738.5321978033,"1159660800000":35644918.3903044835,"1167609600000":35814666.2290560529,"1175385600000":40062688.3504673466,"1183248000000":38679770.7028980404,"1191196800000":40389835.6337299272,"1199145600000":37756309.6095174402,"1207008000000":38708172.7082095966,"1214870400000":41310514.0190050825,"1222819200000":38016739.6062638611,"1230768000000":39737268.4552231282,"1238544000000":40722042.4353320971,"1246406400000":36299794.8952438831,"1254355200000":37237082.3566584885,"1262304000000":36289165.5079445392,"1270080000000":44805499.1769147217,"1277942400000":43046888.803891629,"1285891200000":39305860.5545219034,"1293840000000":39763021.0700910464,"1301616000000":45083805.2695137337,"1309478400000":44561277.1841426864,"1317427200000":42542707.3515932485,"1325376000000":41466013.7170179486,"1333238400000":44156697.6967978999,"1341100800000":43323441.8982969373,"1349049600000":41384169.484618783,"1356998400000":39983573.9973175675,"1364774400000":45940364.2888510525,"1372636800000":44784050.9501010105,"1380585600000":39942800.6168638691},"PIBpm - Producto Interno Bruto a precios de mercado - DI - Derechos de Importacion":{"1072915200000":2732766.1122577209,"1080777600000":3169901.2701551411,"1088640000000":3451657.4381580702,"1096588800000":3647488.969949062,"1104537600000":3329627.54735264,"1112313600000":3919973.0988964289,"1120176000000":4132342.8462722888,"1128124800000":4241820.1189927943,"1136073600000":3915255.8780592042,"1143849600000":4385396.0028510271,"1151712000000":4751410.6849700594,"1159660800000":4880095.873436939,"1167609600000":4634697.3205724638,"1175385600000":5043792.2828325937,"1183248000000":5926973.1896290593,"1191196800000":6118036.4937261613,"1199145600000":5751389.173385133,"1207008000000":6285442.4808572102,"1214870400000":6634289.8544100393,"1222819200000":5810297.2068514777,"1230768000000":4340905.1517498074,"1238544000000":4475134.6482600849,"1246406400000":5427014.2370365784,"1254355200000":5703952.8160433052,"1262304000000":5346162.6001377003,"1270080000000":6209761.3284275774,"1277942400000":7442803.7993556382,"1285891200000":7700688.8417744981,"1293840000000":6978330.4112871904,"1301616000000":7768305.4878200227,"1309478400000":8991133.455723742,"1317427200000":8700386.3772393279,"1325376000000":7057395.262613765,"1333238400000":6739202.3424612973,"1341100800000":8284626.2465590797,"1349049600000":8540139.9951364398,"1356998400000":7295974.4725100584,"1364774400000":7805679.1608649911,"1372636800000":8453151.5600536056,"1380585600000":7818350.341937203},"PIBpm - Producto Interno Bruto a precios de mercado - IVA - Impuesto al Valor Agregado":{"1072915200000":30724913.83918171,"1080777600000":30388128.3062949106,"1088640000000":31574030.7136057913,"1096588800000":31220723.6358455904,"1104537600000":32957552.8912183605,"1112313600000":34303327.7931204736,"1120176000000":36145600.2969253212,"1128124800000":35988906.4075616673,"1136073600000":36757665.5106449127,"1143849600000":38120103.6637047529,"1151712000000":39169740.5677184388,"1159660800000":37983863.2926365435,"1167609600000":39419796.539768137,"1175385600000":40379656.2315405533,"1183248000000":43229857.7524137795,"1191196800000":44106436.1809606627,"1199145600000":42366340.2968612984,"1207008000000":45326737.9516644701,"1214870400000":45948528.7560076565,"1222819200000":44707412.9679614007,"1230768000000":44972106.649177447,"1238544000000":46552351.1466900334,"1246406400000":48101038.1935742721,"1254355200000":49097231.1306198463,"1262304000000":47217434.3803790733,"1270080000000":49848762.3178882226,"1277942400000":52115528.3567618206,"1285891200000":51664583.0989133567,"1293840000000":52304768.1320552602,"1301616000000":54638125.9529118016,"1309478400000":56481346.0273945704,"1317427200000":58161382.2880390212,"1325376000000":56815745.3185190111,"1333238400000":57151278.7855338827,"1341100800000":58535421.7755342424,"1349049600000":60152479.4229449704,"1356998400000":59523824.891087383,"1364774400000":59634298.2263156399,"1372636800000":62347272.9494407028,"1380585600000":60703631.9022455215},"PIBpm - Producto Interno Bruto a precios de mercado":{"1072915200000":500791684.0371035933,"1080777600000":540780075.8078285456,"1088640000000":532335833.3636354804,"1096588800000":569405752.552496314,"1104537600000":538633210.0369250774,"1112313600000":602457546.8444470167,"1120176000000":579373903.7079422474,"1128124800000":620001126.8721030951,"1136073600000":585883448.776545167,"1143849600000":648923104.0384097099,"1151712000000":630430265.0044804811,"1159660800000":670983758.8247408867,"1167609600000":628278543.1000237465,"1175385600000":700471806.5225034952,"1183248000000":677507119.6395535469,"1191196800000":732934075.431161046,"1199145600000":665533554.8137876987,"1207008000000":731078301.0029734373,"1214870400000":714978419.8057368994,"1222819200000":712574092.7877299786,"1230768000000":663167773.7922277451,"1238544000000":705410535.3935164213,"1246406400000":702663243.2613657713,"1254355200000":754349381.0958194733,"1262304000000":696858816.4513524771,"1270080000000":790558446.4951033592,"1277942400000":776240103.967282176,"1285891200000":820086392.9167789221,"1293840000000":771371200.0239490271,"1301616000000":854542030.2185826302,"1309478400000":842001110.4902049303,"1317427200000":879641007.4398533106,"1325376000000":806494630.6945508718,"1333238400000":841495946.2678444386,"1341100800000":843413968.9023208618,"1349049600000":887825275.7733838558,"1356998400000":818437956.056683898,"1364774400000":887532750.0822256804,"1372636800000":873154515.6651839018,"1380585600000":899832657.8472262621}}